// Jest Snapshot v1, https://goo.gl/fbAQLP

exports[`WizardPage selectors should return WizardPage 1`] = `
Object {
  "bool": false,
}
`;

exports[`WizardPage selectors should return WizardPage bool 1`] = `false`;
