// Jest Snapshot v1, https://goo.gl/fbAQLP

exports[`WizardPage reducer should return the initial state 1`] = `
Object {
  "filter": "",
  "items": Array [],
  "itemsPage": 1,
  "selectedID": null,
}
`;
