// Jest Snapshot v1, https://goo.gl/fbAQLP

exports[`PaginationArrow rendering render without Props 1`] = `
<div
  className="pagination_arrow"
  onClick={[Function]}
>
  <Icon
    name="arrow-circle-left"
    type="fa"
  />
</div>
`;
