// Jest Snapshot v1, https://goo.gl/fbAQLP

exports[`Card rendering render without Props 1`] = `
<div
  className="foreman_host_wizard_card"
  onClick={[Function]}
  tabIndex="-1"
>
  <img
    alt="card logo"
    src=""
  />
  <p
    className="title"
  />
</div>
`;
